// Jest Snapshot v1, https://goo.gl/fbAQLP

exports[`<SubscriptionCancelled> renders and matches snapshot 1`] = `
<div>
  <div>
    <h2
      class="title"
    >
      subscription_cancelled.title
    </h2>
    <p>
      subscription_cancelled.message
    </p>
    <button
      class="button default outlined fullWidth"
    >
      <span>
        subscription_cancelled.return_to_profile
      </span>
    </button>
  </div>
</div>
`;
