// Jest Snapshot v1, https://goo.gl/fbAQLP

exports[`<CheckoutForm> renders and matches snapshot 1`] = `
<div>
  <div>
    <div
      aria-label="Go back"
      class="iconButton backButton"
      role="button"
      tabindex="0"
    >
      <svg
        aria-hidden="true"
        class="icon"
        focusable="false"
        viewBox="0 0 24 24"
        xmlns="http://www.w3.org/2000/svg"
      >
        <g>
          <path
            d="M19,3H5C3.89,3 3,3.89 3,5V9H5V5H19V19H5V15H3V19A2,2 0 0,0 5,21H19A2,2 0 0,0 21,19V5C21,3.89 20.1,3 19,3M10.08,15.58L11.5,17L16.5,12L11.5,7L10.08,8.41L12.67,11H3V13H12.67L10.08,15.58Z"
          />
        </g>
      </svg>
    </div>
    <div
      class="formFeedback error"
    >
      No order!
    </div>
  </div>
</div>
`;
