// Jest Snapshot v1, https://goo.gl/fbAQLP

exports[`<PasswordStrength> renders and matches snapshot 1`] = `
<div>
  <div
    class="passwordStrength"
    data-strength="2"
  >
    <div
      class="passwordStrengthBar"
    >
      <div
        class="passwordStrengthFill"
      />
    </div>
     
    <span
      class="label"
    >
      registration.password_strength.fair
    </span>
  </div>
</div>
`;
