// Jest Snapshot v1, https://goo.gl/fbAQLP

exports[`<Dialog> renders and matches snapshot 1`] = `<div />`;
