// Jest Snapshot v1, https://goo.gl/fbAQLP

exports[`<Cinema> renders and matches snapshot 1`] = `
<div>
  <div
    class="cinema fill"
  >
    <div />
  </div>
</div>
`;
