// Jest Snapshot v1, https://goo.gl/fbAQLP

exports[`<Dropdown> renders dropdown 1`] = `
<div>
  <div
    class="filterModal"
  >
    <div
      aria-label="close menu"
      class="header"
      role="button"
    >
      <svg
        aria-hidden="true"
        class="icon"
        focusable="false"
        viewBox="0 0 24 24"
        xmlns="http://www.w3.org/2000/svg"
      >
        <g>
          <path
            d="M19 6.41L17.59 5 12 10.59 6.41 5 5 6.41 10.59 12 5 17.59 6.41 19 12 13.41 17.59 19 19 17.59 13.41 12z"
          />
          <path
            d="M0 0h24v24H0z"
            fill="none"
          />
        </g>
      </svg>
      <h4>
        categories
      </h4>
    </div>
    <hr
      class="divider"
    />
    <div
      class="group"
    >
      <button
        class="button"
      >
        <span>
          bb
        </span>
      </button>
      <button
        class="button"
      >
        <span>
          x
        </span>
      </button>
      <button
        class="button"
      >
        <span>
          y
        </span>
      </button>
      <button
        class="button"
      >
        <span>
          z
        </span>
      </button>
    </div>
  </div>
  <div
    class="filterRow"
  >
    <button
      class="button"
    >
      <span>
        bb
      </span>
    </button>
    <button
      class="button"
    >
      <span>
        x
      </span>
    </button>
    <button
      class="button"
    >
      <span>
        y
      </span>
    </button>
    <button
      class="button"
    >
      <span>
        z
      </span>
    </button>
  </div>
</div>
`;
