// Jest Snapshot v1, https://goo.gl/fbAQLP

exports[`<Button> renders and matches snapshot 1`] = `
<div>
  <button
    class="button default outlined active"
  >
    <span>
      aa
    </span>
  </button>
</div>
`;
