// Jest Snapshot v1, https://goo.gl/fbAQLP

exports[`<Settings> renders and matches snapshot 1`] = `
<div>
  <div>
    <p />
  </div>
</div>
`;
