// Jest Snapshot v1, https://goo.gl/fbAQLP

exports[`<Header /> renders header 1`] = `
<div>
  <header
    class="header static"
  >
    <div
      class="container"
    >
      <div
        class="menu"
      >
        <div
          aria-label="open menu"
          class="iconButton"
          role="button"
          tabindex="0"
        >
          <svg
            aria-hidden="true"
            class="icon"
            focusable="false"
            viewBox="0 0 24 24"
            xmlns="http://www.w3.org/2000/svg"
          >
            <g>
              <path
                d="M0 0h24v24H0V0z"
                fill="none"
              />
              <path
                d="M3 18h18v-2H3v2zm0-5h18v-2H3v2zm0-7v2h18V6H3z"
              />
            </g>
          </svg>
        </div>
      </div>
      <nav
        aria-label="menu"
        class="nav"
      >
        <a
          aria-current="page"
          class="button default outlined active"
          href="/"
        >
          <span>
            Home
          </span>
        </a>
      </nav>
      <div
        class="search"
      />
    </div>
  </header>
</div>
`;
