// Jest Snapshot v1, https://goo.gl/fbAQLP

exports[`<Video> renders and matches snapshot 1`] = `
<div>
  <div
    class="video"
  >
    <div
      class="main"
    >
      <div
        class="info"
      >
        <h2
          class="title"
        >
          Test item title
        </h2>
        <div
          class="meta"
        >
          <ul>
            <li>
              1970
            </li>
            <li>
              5h 54m
            </li>
            <li>
              Tester
            </li>
            <li>
              CC_CC
            </li>
          </ul>
        </div>
        <div>
          Test item description
        </div>
        <div
          class="buttons"
        >
          <button
            class="button active"
          >
            <span>
              Favorite
            </span>
          </button>
          <button
            class="button active"
          >
            <span>
              Trailer
            </span>
          </button>
          <button
            class="button active"
          >
            <span>
              Share
            </span>
          </button>
        </div>
      </div>
      <div
        class="banner"
      >
        <img
          src="http://test/img.jpg"
        />
        <div
          class="playIcon"
        >
          ►
        </div>
      </div>
    </div>
    <div
      class="other"
    >
      <h3>
        Resting shelf
      </h3>
    </div>
    <div
      class="playerContainer"
    >
      <div
        class="background"
        style="background-image: url(http://test/img.jpg);"
      />
      <div />
      <div
        class="playerInfo"
      >
        <div
          class="backButton"
        >
          <div
            aria-label="Back"
            class="iconButton"
            role="button"
          >
            <p>
              ←
            </p>
          </div>
        </div>
        <div>
          <h2
            class="title"
          >
            Test item title
          </h2>
          <div
            class="meta"
          >
            <ul>
              <li>
                1970
              </li>
              <li>
                5h 54m
              </li>
              <li>
                Tester
              </li>
              <li>
                CC_CC
              </li>
            </ul>
          </div>
          <div>
            Test item description
          </div>
        </div>
      </div>
    </div>
  </div>
</div>
`;
