// Jest Snapshot v1, https://goo.gl/fbAQLP

exports[`<PaymentFailed> renders and matches snapshot 1`] = `
<div>
  <div>
    <h2
      class="title"
    >
      checkout.payment_error
    </h2>
    <p
      class="message"
    />
    <div>
      <button
        class="button primary fullWidth large"
      >
        <span>
          checkout.close
        </span>
      </button>
    </div>
  </div>
</div>
`;
