// Jest Snapshot v1, https://goo.gl/fbAQLP

exports[`<Root /> renders and matches snapshot 1`] = `
<div>
  <div>
    <header
      class="header static"
    >
      <div
        class="container"
      >
        <div
          aria-label="open menu"
          class="menu"
          role="button"
        >
          <svg
            aria-hidden="true"
            class="icon"
            focusable="false"
            viewBox="0 0 24 24"
            xmlns="http://www.w3.org/2000/svg"
          >
            <g>
              <path
                d="M0 0h24v24H0V0z"
                fill="none"
              />
              <path
                d="M3 18h18v-2H3v2zm0-5h18v-2H3v2zm0-7v2h18V6H3z"
              />
            </g>
          </svg>
        </div>
        <nav
          aria-label="menu"
          class="nav"
        >
          <a
            class="link"
            href="/"
          >
            <span>
              Home
            </span>
          </a>
          <a
            class="link"
            href="/u"
          >
            <span>
              Settings
            </span>
          </a>
        </nav>
        <div
          class="search"
        />
      </div>
    </header>
    <div
      class="backdrop"
    />
    <div
      class="sidebar"
    >
      <div
        aria-label="close menu"
        class="group"
        role="button"
      >
        <svg
          aria-hidden="true"
          class="icon"
          focusable="false"
          viewBox="0 0 24 24"
          xmlns="http://www.w3.org/2000/svg"
        >
          <g>
            <path
              d="M19 6.41L17.59 5 12 10.59 6.41 5 5 6.41 10.59 12 5 17.59 6.41 19 12 13.41 17.59 19 19 17.59 13.41 12z"
            />
            <path
              d="M0 0h24v24H0z"
              fill="none"
            />
          </g>
        </svg>
      </div>
      <nav
        class="group"
      >
        <a
          class="link"
          href="/"
        >
          <span>
            Home
          </span>
        </a>
        <hr
          class="divider"
        />
        <a
          class="link"
          href="/"
        >
          <span>
            Settings
          </span>
        </a>
      </nav>
    </div>
  </div>
</div>
`;

exports[`<Root /> renders error page when error prop is passed 1`] = `
<div>
  <div>
    Error!
  </div>
</div>
`;
