// Jest Snapshot v1, https://goo.gl/fbAQLP

exports[`<Popover> renders and matches snapshot 1`] = `<div />`;
