// Jest Snapshot v1, https://goo.gl/fbAQLP

exports[`<ConfirmationDialog> renders and matches snapshot 1`] = `<div />`;
