// Jest Snapshot v1, https://goo.gl/fbAQLP

exports[`<Logo/> renders and matches snapshot 1`] = `
<div>
  <a
    href="/"
  >
    <img
      alt="logo"
      class="logo"
      src="123"
    />
  </a>
</div>
`;
